hi test log gitignire file
